###############################################################################
#
# IAR ELF Linker V8.11.2.13589/W32 for ARM                05/Aug/2017  17:18:30
# Copyright 2007-2017 IAR Systems AB.
#
#    Output file  =  
#        C:\Users\gigfr\Documents\main\repositories\masters_cfcsrc\Projects\Demonstration\EWARM\STM32F3348-Discovery_Demo\Exe\STM32F3348-Discovery_Demo.out
#    Map file     =  
#        C:\Users\gigfr\Documents\main\repositories\masters_cfcsrc\Projects\Demonstration\EWARM\STM32F3348-Discovery_Demo\List\STM32F3348-Discovery_Demo.map
#    Command line =  
#        -f C:\Users\gigfr\AppData\Local\Temp\EW54EB.tmp
#        (C:\Users\gigfr\Documents\main\repositories\masters_cfcsrc\Projects\Demonstration\EWARM\STM32F3348-Discovery_Demo\Obj\main.o
#        C:\Users\gigfr\Documents\main\repositories\masters_cfcsrc\Projects\Demonstration\EWARM\STM32F3348-Discovery_Demo\Obj\startup_stm32f334x8.o
#        C:\Users\gigfr\Documents\main\repositories\masters_cfcsrc\Projects\Demonstration\EWARM\STM32F3348-Discovery_Demo\Obj\stm32f30x_adc.o
#        C:\Users\gigfr\Documents\main\repositories\masters_cfcsrc\Projects\Demonstration\EWARM\STM32F3348-Discovery_Demo\Obj\stm32f30x_can.o
#        C:\Users\gigfr\Documents\main\repositories\masters_cfcsrc\Projects\Demonstration\EWARM\STM32F3348-Discovery_Demo\Obj\stm32f30x_comp.o
#        C:\Users\gigfr\Documents\main\repositories\masters_cfcsrc\Projects\Demonstration\EWARM\STM32F3348-Discovery_Demo\Obj\stm32f30x_crc.o
#        C:\Users\gigfr\Documents\main\repositories\masters_cfcsrc\Projects\Demonstration\EWARM\STM32F3348-Discovery_Demo\Obj\stm32f30x_dac.o
#        C:\Users\gigfr\Documents\main\repositories\masters_cfcsrc\Projects\Demonstration\EWARM\STM32F3348-Discovery_Demo\Obj\stm32f30x_dbgmcu.o
#        C:\Users\gigfr\Documents\main\repositories\masters_cfcsrc\Projects\Demonstration\EWARM\STM32F3348-Discovery_Demo\Obj\stm32f30x_dma.o
#        C:\Users\gigfr\Documents\main\repositories\masters_cfcsrc\Projects\Demonstration\EWARM\STM32F3348-Discovery_Demo\Obj\stm32f30x_exti.o
#        C:\Users\gigfr\Documents\main\repositories\masters_cfcsrc\Projects\Demonstration\EWARM\STM32F3348-Discovery_Demo\Obj\stm32f30x_flash.o
#        C:\Users\gigfr\Documents\main\repositories\masters_cfcsrc\Projects\Demonstration\EWARM\STM32F3348-Discovery_Demo\Obj\stm32f30x_gpio.o
#        C:\Users\gigfr\Documents\main\repositories\masters_cfcsrc\Projects\Demonstration\EWARM\STM32F3348-Discovery_Demo\Obj\stm32f30x_hrtim.o
#        C:\Users\gigfr\Documents\main\repositories\masters_cfcsrc\Projects\Demonstration\EWARM\STM32F3348-Discovery_Demo\Obj\stm32f30x_i2c.o
#        C:\Users\gigfr\Documents\main\repositories\masters_cfcsrc\Projects\Demonstration\EWARM\STM32F3348-Discovery_Demo\Obj\stm32f30x_iwdg.o
#        C:\Users\gigfr\Documents\main\repositories\masters_cfcsrc\Projects\Demonstration\EWARM\STM32F3348-Discovery_Demo\Obj\stm32f30x_misc.o
#        C:\Users\gigfr\Documents\main\repositories\masters_cfcsrc\Projects\Demonstration\EWARM\STM32F3348-Discovery_Demo\Obj\stm32f30x_opamp.o
#        C:\Users\gigfr\Documents\main\repositories\masters_cfcsrc\Projects\Demonstration\EWARM\STM32F3348-Discovery_Demo\Obj\stm32f30x_pwr.o
#        C:\Users\gigfr\Documents\main\repositories\masters_cfcsrc\Projects\Demonstration\EWARM\STM32F3348-Discovery_Demo\Obj\stm32f30x_rcc.o
#        C:\Users\gigfr\Documents\main\repositories\masters_cfcsrc\Projects\Demonstration\EWARM\STM32F3348-Discovery_Demo\Obj\stm32f30x_rtc.o
#        C:\Users\gigfr\Documents\main\repositories\masters_cfcsrc\Projects\Demonstration\EWARM\STM32F3348-Discovery_Demo\Obj\stm32f30x_spi.o
#        C:\Users\gigfr\Documents\main\repositories\masters_cfcsrc\Projects\Demonstration\EWARM\STM32F3348-Discovery_Demo\Obj\stm32f30x_syscfg.o
#        C:\Users\gigfr\Documents\main\repositories\masters_cfcsrc\Projects\Demonstration\EWARM\STM32F3348-Discovery_Demo\Obj\stm32f30x_tim.o
#        C:\Users\gigfr\Documents\main\repositories\masters_cfcsrc\Projects\Demonstration\EWARM\STM32F3348-Discovery_Demo\Obj\stm32f30x_usart.o
#        C:\Users\gigfr\Documents\main\repositories\masters_cfcsrc\Projects\Demonstration\EWARM\STM32F3348-Discovery_Demo\Obj\stm32f30x_wwdg.o
#        C:\Users\gigfr\Documents\main\repositories\masters_cfcsrc\Projects\Demonstration\EWARM\STM32F3348-Discovery_Demo\Obj\stm32f3348_discovery.o
#        C:\Users\gigfr\Documents\main\repositories\masters_cfcsrc\Projects\Demonstration\EWARM\STM32F3348-Discovery_Demo\Obj\stm32f3xx_it.o
#        C:\Users\gigfr\Documents\main\repositories\masters_cfcsrc\Projects\Demonstration\EWARM\STM32F3348-Discovery_Demo\Obj\system_stm32f30x.o
#        --redirect _Printf=_PrintfSmallNoMb --redirect _Scanf=_ScanfSmallNoMb
#        -o
#        C:\Users\gigfr\Documents\main\repositories\masters_cfcsrc\Projects\Demonstration\EWARM\STM32F3348-Discovery_Demo\Exe\STM32F3348-Discovery_Demo.out
#        --map
#        C:\Users\gigfr\Documents\main\repositories\masters_cfcsrc\Projects\Demonstration\EWARM\STM32F3348-Discovery_Demo\List\STM32F3348-Discovery_Demo.map
#        --config
#        C:\Users\gigfr\Documents\main\repositories\masters_cfcsrc\Projects\Demonstration\EWARM\stm32f3348_flash.icf
#        --semihosting --entry __iar_program_start --vfe --text_out locale)
#
###############################################################################

*******************************************************************************
*** RUNTIME MODEL ATTRIBUTES
***

CppFlavor       = *
__SystemLibrary = DLib
__dlib_version  = 6


*******************************************************************************
*** HEAP SELECTION
***

The basic heap was selected because no calls to memory allocation
functions were found in the application outside of system library
functions, and there are calls to deallocation functions in the
application.


*******************************************************************************
*** PLACEMENT SUMMARY
***

"A0":  place at 0x08000000 { ro section .intvec };
"P1":  place in [from 0x08000000 to 0x0800ffff] { ro };
define block CSTACK with size = 1K, alignment = 8 { };
define block HEAP with size = 512, alignment = 8 { };
"P2":  place in [from 0x20000000 to 0x20002fff] {
          rw, block CSTACK, block HEAP };
initialize by copy { rw };

  Section            Kind        Address   Size  Object
  -------            ----        -------   ----  ------
"A0":                                     0x188
  .intvec            ro code  0x08000000  0x188  startup_stm32f334x8.o [1]
                            - 0x08000188  0x188

"P1":                                     0xb75
  .text              ro code  0x08000188  0x2dc  stm32f30x_rcc.o [1]
  .text              ro code  0x08000464  0x268  stm32f3xx_it.o [1]
  .text              ro code  0x080006cc  0x170  main.o [1]
  .text              ro code  0x0800083c   0x80  stm32f30x_gpio.o [1]
  .text              ro code  0x080008bc   0x38  stm32f30x_adc.o [1]
  .text              ro code  0x080008f4   0xb0  stm32f30x_hrtim.o [1]
  .text              ro code  0x080009a4   0x38  stm32f3348_discovery.o [1]
  .text              ro code  0x080009dc   0x1c  stm32f30x_exti.o [1]
  .text              ro code  0x080009f8   0xb4  system_stm32f30x.o [1]
  .text              ro code  0x08000aac   0x7a  lz77_init_single.o [5]
  .text              ro code  0x08000b28   0x28  data_init.o [5]
  .text              ro code  0x08000b50   0x22  fpinit_M.o [4]
  .iar.init_table    const    0x08000b74   0x10  - Linker created -
  .text              ro code  0x08000b84   0x1a  cmain.o [5]
  .text              ro code  0x08000b9e    0x4  low_level_init.o [3]
  .text              ro code  0x08000ba2    0x4  exit.o [3]
  .text              ro code  0x08000ba8    0xa  cexit.o [5]
  .text              ro code  0x08000bb4   0x14  exit.o [6]
  .text              ro code  0x08000bc8   0x10  startup_stm32f334x8.o [1]
  .text              ro code  0x08000bd8    0xc  cstartup_M.o [5]
  .text              ro code  0x08000be4    0x4  startup_stm32f334x8.o [1]
  .text              ro code  0x08000be8    0x4  startup_stm32f334x8.o [1]
  .text              ro code  0x08000bec    0x4  startup_stm32f334x8.o [1]
  .text              ro code  0x08000bf0    0x4  startup_stm32f334x8.o [1]
  .text              ro code  0x08000bf4    0x4  startup_stm32f334x8.o [1]
  .text              ro code  0x08000bf8    0x4  startup_stm32f334x8.o [1]
  .text              ro code  0x08000bfc    0x4  startup_stm32f334x8.o [1]
  .text              ro code  0x08000c00    0x4  startup_stm32f334x8.o [1]
  .text              ro code  0x08000c04    0x4  startup_stm32f334x8.o [1]
  .text              ro code  0x08000c08    0x4  startup_stm32f334x8.o [1]
  .text              ro code  0x08000c0c    0x4  startup_stm32f334x8.o [1]
  .text              ro code  0x08000c10    0x4  startup_stm32f334x8.o [1]
  .text              ro code  0x08000c14    0x4  startup_stm32f334x8.o [1]
  .text              ro code  0x08000c18    0x4  startup_stm32f334x8.o [1]
  .text              ro code  0x08000c1c    0x4  startup_stm32f334x8.o [1]
  .text              ro code  0x08000c20    0x4  startup_stm32f334x8.o [1]
  .text              ro code  0x08000c24    0x4  startup_stm32f334x8.o [1]
  .text              ro code  0x08000c28    0x4  startup_stm32f334x8.o [1]
  .text              ro code  0x08000c2c    0x4  startup_stm32f334x8.o [1]
  .text              ro code  0x08000c30    0x4  startup_stm32f334x8.o [1]
  .text              ro code  0x08000c34    0x4  startup_stm32f334x8.o [1]
  .text              ro code  0x08000c38    0x4  startup_stm32f334x8.o [1]
  .text              ro code  0x08000c3c    0x4  startup_stm32f334x8.o [1]
  .text              ro code  0x08000c40    0x4  startup_stm32f334x8.o [1]
  .text              ro code  0x08000c44    0x4  startup_stm32f334x8.o [1]
  .text              ro code  0x08000c48    0x4  startup_stm32f334x8.o [1]
  .text              ro code  0x08000c4c    0x4  startup_stm32f334x8.o [1]
  .text              ro code  0x08000c50    0x4  startup_stm32f334x8.o [1]
  .text              ro code  0x08000c54    0x4  startup_stm32f334x8.o [1]
  .text              ro code  0x08000c58    0x4  startup_stm32f334x8.o [1]
  .text              ro code  0x08000c5c    0x4  startup_stm32f334x8.o [1]
  .text              ro code  0x08000c60    0x4  startup_stm32f334x8.o [1]
  .text              ro code  0x08000c64    0x4  startup_stm32f334x8.o [1]
  .text              ro code  0x08000c68    0x4  startup_stm32f334x8.o [1]
  .text              ro code  0x08000c6c    0x4  startup_stm32f334x8.o [1]
  .text              ro code  0x08000c70    0x4  startup_stm32f334x8.o [1]
  .text              ro code  0x08000c74    0x4  startup_stm32f334x8.o [1]
  .text              ro code  0x08000c78    0x4  startup_stm32f334x8.o [1]
  .text              ro code  0x08000c7c    0x4  startup_stm32f334x8.o [1]
  .text              ro code  0x08000c80    0x4  startup_stm32f334x8.o [1]
  .text              ro code  0x08000c84    0x4  startup_stm32f334x8.o [1]
  .text              ro code  0x08000c88    0x4  startup_stm32f334x8.o [1]
  .text              ro code  0x08000c8c    0x4  startup_stm32f334x8.o [1]
  .text              ro code  0x08000c90    0x4  startup_stm32f334x8.o [1]
  .text              ro code  0x08000c94    0x4  startup_stm32f334x8.o [1]
  .text              ro code  0x08000c98    0x4  startup_stm32f334x8.o [1]
  .rodata            const    0x08000c9c    0x0  lz77_init_single.o [5]
  Initializer bytes  const    0x08000c9c   0x61  <for P2-1>
                            - 0x08000cfd  0xb75

"P2", part 1 of 2:                        0x178
  P2-1                        0x20000000  0x178  <Init block>
    .data            inited   0x20000000   0x58  main.o [1]
    .data            inited   0x20000058   0x24  main.o [1]
    .data            inited   0x2000007c   0x14  main.o [1]
    .data            inited   0x20000090   0x80  main.o [1]
    .data            inited   0x20000110    0x4  main.o [1]
    .data            inited   0x20000114   0x30  stm32f30x_rcc.o [1]
    .data            inited   0x20000144   0x10  stm32f3348_discovery.o [1]
    .data            inited   0x20000154    0x4  stm32f3348_discovery.o [1]
    .bss             inited   0x20000158    0x4  main.o [1]
    .bss             inited   0x2000015c    0x4  main.o [1]
    .bss             inited   0x20000160    0x8  stm32f3xx_it.o [1]
    .bss             inited   0x20000168    0x4  stm32f3xx_it.o [1]
    .data            inited   0x2000016c    0x2  main.o [1]
    .data            inited   0x2000016e    0x2  main.o [1]
    .bss             inited   0x20000170    0x2  main.o [1]
    .bss             inited   0x20000172    0x2  main.o [1]
    .data            inited   0x20000174    0x1  main.o [1]
    .bss             inited   0x20000175    0x1  main.o [1]
    .bss             inited   0x20000176    0x1  main.o [1]
    .bss             inited   0x20000177    0x1  main.o [1]
                            - 0x20000178  0x178

"P2", part 2 of 2:                        0x400
  CSTACK                      0x20000178  0x400  <Block>
    CSTACK           uninit   0x20000178  0x400  <Block tail>
                            - 0x20000578  0x400


*******************************************************************************
*** INIT TABLE
***

          Address     Size
          -------     ----
Copy/lz77 (__iar_lz77_init_single3)
    1 source range, total size 0x61 (25% of destination):
          0x08000c9c   0x61
    1 destination range, total size 0x178:
          0x20000000  0x178



*******************************************************************************
*** MODULE SUMMARY
***

    Module                  ro code  ro data  rw data
    ------                  -------  -------  -------
C:\Users\gigfr\Documents\main\repositories\masters_cfcsrc\Projects\Demonstration\EWARM\STM32F3348-Discovery_Demo\Obj: [1]
    main.o                      368       77      296
    startup_stm32f334x8.o       592
    stm32f30x_adc.o              56
    stm32f30x_exti.o             28
    stm32f30x_gpio.o            128
    stm32f30x_hrtim.o           176
    stm32f30x_rcc.o             732       12       48
    stm32f3348_discovery.o       56        5       20
    stm32f3xx_it.o              616        3       12
    system_stm32f30x.o          180
    -------------------------------------------------
    Total:                    2 932       97      376

command line: [2]
    -------------------------------------------------
    Total:

dl7M_tln.a: [3]
    exit.o                        4
    low_level_init.o              4
    -------------------------------------------------
    Total:                        8

m7M_tls.a: [4]
    fpinit_M.o                   34
    -------------------------------------------------
    Total:                       34

rt7M_tl.a: [5]
    cexit.o                      10
    cmain.o                      26
    cstartup_M.o                 12
    data_init.o                  40
    lz77_init_single.o          122
    -------------------------------------------------
    Total:                      210

shb_l.a: [6]
    exit.o                       20
    -------------------------------------------------
    Total:                       20

    Gaps                          6        2
    Linker created                        16    1 024
-----------------------------------------------------
    Grand Total:              3 210      115    1 400


*******************************************************************************
*** ENTRY LIST
***

Entry                      Address   Size  Type      Object
-----                      -------   ----  ----      ------
.iar.init_table$$Base   0x08000b74          --   Gb  - Linker created -
.iar.init_table$$Limit  0x08000b84          --   Gb  - Linker created -
?main                   0x08000b85         Code  Gb  cmain.o [5]
ADC1_2_IRQHandler       0x08000501   0x4a  Code  Gb  stm32f3xx_it.o [1]
ADC1_Channel1_ConvertedValue_IN
                        0x20000158    0x4  Data  Gb  main.o [1]
ADC1_Channel1_ConvertedValue_OUT
                        0x2000015c    0x4  Data  Gb  main.o [1]
ADCPrescTable           0x20000124   0x20  Data  Lc  stm32f30x_rcc.o [1]
ADC_ClearITPendingBit   0x080008f1    0x4  Code  Gb  stm32f30x_adc.o [1]
ADC_GetFlagStatus       0x080008e3    0xe  Code  Gb  stm32f30x_adc.o [1]
ADC_GetInjectedConversionValue
                        0x080008c7   0x1c  Code  Gb  stm32f30x_adc.o [1]
ADC_StopInjectedConversion
                        0x080008bd    0xa  Code  Gb  stm32f30x_adc.o [1]
APBAHBPrescTable        0x20000114   0x10  Data  Lc  stm32f30x_rcc.o [1]
BUTTON_PIN              0x080009d8    0x2  Data  Gb  stm32f3348_discovery.o [1]
BUTTON_PORT             0x20000154    0x4  Data  Gb  stm32f3348_discovery.o [1]
BusFault_Handler        0x0800046b    0x2  Code  Gb  stm32f3xx_it.o [1]
CSTACK$$Base            0x20000178          --   Gb  - Linker created -
CSTACK$$Limit           0x20000578          --   Gb  - Linker created -
Converter_Mode_Change   0x20000058    0x2  Data  Gb  main.o [1]
Counter10us             0x20000161    0x1  Data  Gb  stm32f3xx_it.o [1]
Counter32               0x20000160    0x1  Data  Gb  stm32f3xx_it.o [1]
CurrentSenseTab         0x2000007c   0x14  Data  Gb  main.o [1]
Current_Mode            0x2000016e    0x2  Data  Gb  main.o [1]
DebugMon_Handler        0x08000471    0x2  Code  Gb  stm32f3xx_it.o [1]
DitherTab               0x20000090   0x80  Data  Gb  main.o [1]
DownUp                  0x20000175    0x1  Data  Gb  main.o [1]
EXTI0_IRQHandler        0x0800054b   0x9a  Code  Gb  stm32f3xx_it.o [1]
EXTI_ClearITPendingBit  0x080009dd    0x2  Code  Gb  stm32f30x_exti.o [1]
FallingSlope            0x20000162    0x1  Data  Gb  stm32f3xx_it.o [1]
GPIO_Init               0x0800083d   0x6a  Code  Gb  stm32f30x_gpio.o [1]
GPIO_PIN                0x080009d0    0x8  Data  Gb  stm32f3348_discovery.o [1]
GPIO_PORT               0x20000144   0x10  Data  Gb  stm32f3348_discovery.o [1]
GPIO_ReadInputDataBit   0x080008a7    0xe  Code  Gb  stm32f30x_gpio.o [1]
GPIO_ResetBits          0x080008b9    0x4  Code  Gb  stm32f30x_gpio.o [1]
GPIO_SetBits            0x080008b5    0x4  Code  Gb  stm32f30x_gpio.o [1]
HRTIM1_Master_IRQHandler
                        0x08000611   0x6c  Code  Gb  stm32f3xx_it.o [1]
HRTIM1_TIMA_IRQHandler  0x080005e5   0x2c  Code  Gb  stm32f3xx_it.o [1]
HRTIM_ClearCommonITPendingBit
                        0x0800091f    0x2  Code  Gb  stm32f30x_hrtim.o [1]
HRTIM_ClearFlag         0x080008fd   0x1a  Code  Gb  stm32f30x_hrtim.o [1]
HRTIM_OutputConfig      0x0800092f   0x76  Code  Lc  stm32f30x_hrtim.o [1]
HRTIM_SetBurstCompare   0x0800073f   0x10  Code  Gb  main.o [1]
HRTIM_TIM_OutputStructure
                        0x2000005c   0x20  Data  Gb  main.o [1]
HRTIM_Unselect_OutputTIMx
                        0x080007df   0x38  Code  Lc  main.o [1]
HRTIM_WaveformCounterStart
                        0x080008f5    0x8  Code  Gb  stm32f30x_hrtim.o [1]
HRTIM_WaveformOutputConfig
                        0x0800092d    0x2  Code  Gb  stm32f30x_hrtim.o [1]
HardFault_Handler       0x08000467    0x2  Code  Gb  stm32f3xx_it.o [1]
Keypressed              0x20000170    0x2  Data  Gb  main.o [1]
MemManage_Handler       0x08000469    0x2  Code  Gb  stm32f3xx_it.o [1]
NMI_Handler             0x08000465    0x2  Code  Gb  stm32f3xx_it.o [1]
NoWait                  0x20000000    0x1  Data  Gb  main.o [1]
PendSV_Handler          0x08000473    0x2  Code  Gb  stm32f3xx_it.o [1]
RCC_AHBPeriphClockCmd   0x0800043d   0x12  Code  Gb  stm32f30x_rcc.o [1]
RCC_Clocks              0x20000008   0x50  Data  Gb  main.o [1]
RCC_GetClocksFreq       0x080001a1  0x29c  Code  Gb  stm32f30x_rcc.o [1]
RCC_PLLConfig           0x08000189   0x18  Code  Gb  stm32f30x_rcc.o [1]
Region$$Table$$Base     0x08000b74          --   Gb  - Linker created -
Region$$Table$$Limit    0x08000b84          --   Gb  - Linker created -
STM_EVAL_LEDOff         0x080009a5   0x12  Code  Gb  stm32f3348_discovery.o [1]
STM_EVAL_PBGetState     0x080009b7   0x12  Code  Gb  stm32f3348_discovery.o [1]
SVC_Handler             0x0800046f    0x2  Code  Gb  stm32f3xx_it.o [1]
SetHRTIM_BoostMode      0x0800077b   0x2c  Code  Gb  main.o [1]
SetHRTIM_BuckMode       0x0800074f   0x2c  Code  Gb  main.o [1]
StateMachine            0x20000174    0x1  Data  Gb  main.o [1]
SysTick_Handler         0x08000475   0x8c  Code  Gb  stm32f3xx_it.o [1]
SysTick_Handler::toggleCounter
                        0x20000164    0x4  Data  Lc  stm32f3xx_it.o [1]
SystemInit              0x080009f9   0x98  Code  Gb  system_stm32f30x.o [1]
TESTMODE                0x20000172    0x2  Data  Gb  main.o [1]
TimingDelay             0x20000004    0x4  Data  Lc  main.o [1]
TimingDelay_Decrement   0x08000817    0xe  Code  Gb  main.o [1]
TriangCMP1              0x2000016c    0x2  Data  Gb  main.o [1]
TriangleGeneration      0x20000176    0x1  Data  Gb  main.o [1]
UsageFault_Handler      0x0800046d    0x2  Code  Gb  stm32f3xx_it.o [1]
__cmain                 0x08000b85         Code  Gb  cmain.o [5]
__exit                  0x08000bb5   0x14  Code  Gb  exit.o [6]
__iar_data_init3        0x08000b29   0x28  Code  Gb  data_init.o [5]
__iar_init_vfp          0x08000b51         Code  Gb  fpinit_M.o [4]
__iar_lz77_init_single3
                        0x08000aad   0x7a  Code  Gb  lz77_init_single.o [5]
__iar_program_start     0x08000bd9         Code  Gb  cstartup_M.o [5]
__iar_systems$$module {Abs}
                        0x00000001         Data  Gb  command line/config [2]
__low_level_init        0x08000b9f    0x4  Code  Gb  low_level_init.o [3]
__vector_table          0x08000000         Data  Gb  startup_stm32f334x8.o [1]
_call_main              0x08000b91         Code  Gb  cmain.o [5]
_exit                   0x08000ba9         Code  Gb  cexit.o [5]
_main                   0x08000b9b         Code  Gb  cmain.o [5]
exit                    0x08000ba3    0x4  Code  Gb  exit.o [3]
index1                  0x20000177    0x1  Data  Gb  main.o [1]
index2                  0x20000168    0x4  Data  Gb  stm32f3xx_it.o [1]
initGpios               0x080006cd   0x48  Code  Gb  main.o [1]
main                    0x08000715   0x2a  Code  Gb  main.o [1]
variable                0x20000110    0x4  Data  Gb  main.o [1]


[1] = C:\Users\gigfr\Documents\main\repositories\masters_cfcsrc\Projects\Demonstration\EWARM\STM32F3348-Discovery_Demo\Obj
[2] = command line
[3] = dl7M_tln.a
[4] = m7M_tls.a
[5] = rt7M_tl.a
[6] = shb_l.a

  3 210 bytes of readonly  code memory
    115 bytes of readonly  data memory
  1 400 bytes of readwrite data memory

Errors: none
Warnings: none
